<testsuites id="" name="" tests="3" failures="3" skipped="0" errors="0" time="22.294251">
<testsuite name="create-memo.spec.ts" timestamp="2025-08-01T06:11:26.106Z" hostname="chromium" tests="1" failures="1" skipped="0" time="5.557" errors="0">
<testcase name="새 메모 작성 › 성공적인 메모 작성" classname="create-memo.spec.ts" time="5.557">
<failure message="create-memo.spec.ts:5:7 성공적인 메모 작성" type="FAILURE">
<![CDATA[  [chromium] › create-memo.spec.ts:5:7 › 새 메모 작성 › 성공적인 메모 작성 ──────────────────────────────────────

    Error: locator.selectOption: Error: strict mode violation: getByRole('combobox') resolved to 2 elements:
        1) <select class="text-gray-400 block w-full pl-10 pr-3 py-2 border border-gray-300 rounded-lg focus:ring-2 focus:ring-blue-500 focus:border-blue-500 transition-colors">…</select> aka getByRole('main').getByRole('combobox')
        2) <select id="category" class="text-gray-400 w-full px-3 py-2 border border-gray-300 rounded-lg focus:ring-2 focus:ring-blue-500 focus:border-blue-500 transition-colors">…</select> aka getByLabel('카테고리')

    Call log:
      - waiting for getByRole('combobox')


      19 |
      20 |     // 4. "카테고리" 드롭다운에서 "업무"를 선택합니다.
    > 21 |     await page.getByRole('combobox').selectOption({ label: '업무' });
         |                                      ^
      22 |
      23 |     // 5. "내용" 입력란에 "이것은 E2E 테스트를 위한 새 메모입니다."를 입력합니다.
      24 |     await contentTextArea.fill('이것은 E2E 테스트를 위한 새 메모입니다.');
        at C:\Users\masocampus\Desktop\memo-app\tests\create-memo.spec.ts:21:38

    Error Context: ..\test-results\create-memo-새-메모-작성-성공적인-메모-작성-chromium\error-context.md
]]>
</failure>
<system-out>
<![CDATA[
[[ATTACHMENT|create-memo-새-메모-작성-성공적인-메모-작성-chromium\error-context.md]]
]]>
</system-out>
</testcase>
</testsuite>
<testsuite name="create-memo.spec.ts" timestamp="2025-08-01T06:11:26.106Z" hostname="firefox" tests="1" failures="1" skipped="0" time="8.634" errors="0">
<testcase name="새 메모 작성 › 성공적인 메모 작성" classname="create-memo.spec.ts" time="8.634">
<failure message="create-memo.spec.ts:5:7 성공적인 메모 작성" type="FAILURE">
<![CDATA[  [firefox] › create-memo.spec.ts:5:7 › 새 메모 작성 › 성공적인 메모 작성 ───────────────────────────────────────

    Error: locator.selectOption: Error: strict mode violation: getByRole('combobox') resolved to 2 elements:
        1) <select class="text-gray-400 block w-full pl-10 pr-3 py-2 border border-gray-300 rounded-lg focus:ring-2 focus:ring-blue-500 focus:border-blue-500 transition-colors">…</select> aka getByRole('main').getByRole('combobox')
        2) <select id="category" class="text-gray-400 w-full px-3 py-2 border border-gray-300 rounded-lg focus:ring-2 focus:ring-blue-500 focus:border-blue-500 transition-colors">…</select> aka getByLabel('카테고리')

    Call log:
      - waiting for getByRole('combobox')


      19 |
      20 |     // 4. "카테고리" 드롭다운에서 "업무"를 선택합니다.
    > 21 |     await page.getByRole('combobox').selectOption({ label: '업무' });
         |                                      ^
      22 |
      23 |     // 5. "내용" 입력란에 "이것은 E2E 테스트를 위한 새 메모입니다."를 입력합니다.
      24 |     await contentTextArea.fill('이것은 E2E 테스트를 위한 새 메모입니다.');
        at C:\Users\masocampus\Desktop\memo-app\tests\create-memo.spec.ts:21:38

    Error Context: ..\test-results\create-memo-새-메모-작성-성공적인-메모-작성-firefox\error-context.md
]]>
</failure>
<system-out>
<![CDATA[
[[ATTACHMENT|create-memo-새-메모-작성-성공적인-메모-작성-firefox\error-context.md]]
]]>
</system-out>
</testcase>
</testsuite>
<testsuite name="create-memo.spec.ts" timestamp="2025-08-01T06:11:26.106Z" hostname="webkit" tests="1" failures="1" skipped="0" time="7.848" errors="0">
<testcase name="새 메모 작성 › 성공적인 메모 작성" classname="create-memo.spec.ts" time="7.848">
<failure message="create-memo.spec.ts:5:7 성공적인 메모 작성" type="FAILURE">
<![CDATA[  [webkit] › create-memo.spec.ts:5:7 › 새 메모 작성 › 성공적인 메모 작성 ────────────────────────────────────────

    Error: locator.selectOption: Error: strict mode violation: getByRole('combobox') resolved to 2 elements:
        1) <select class="text-gray-400 block w-full pl-10 pr-3 py-2 border border-gray-300 rounded-lg focus:ring-2 focus:ring-blue-500 focus:border-blue-500 transition-colors">…</select> aka getByRole('main').getByRole('combobox')
        2) <select id="category" class="text-gray-400 w-full px-3 py-2 border border-gray-300 rounded-lg focus:ring-2 focus:ring-blue-500 focus:border-blue-500 transition-colors">…</select> aka getByLabel('카테고리')

    Call log:
      - waiting for getByRole('combobox')


      19 |
      20 |     // 4. "카테고리" 드롭다운에서 "업무"를 선택합니다.
    > 21 |     await page.getByRole('combobox').selectOption({ label: '업무' });
         |                                      ^
      22 |
      23 |     // 5. "내용" 입력란에 "이것은 E2E 테스트를 위한 새 메모입니다."를 입력합니다.
      24 |     await contentTextArea.fill('이것은 E2E 테스트를 위한 새 메모입니다.');
        at C:\Users\masocampus\Desktop\memo-app\tests\create-memo.spec.ts:21:38

    Error Context: ..\test-results\create-memo-새-메모-작성-성공적인-메모-작성-webkit\error-context.md
]]>
</failure>
<system-out>
<![CDATA[
[[ATTACHMENT|create-memo-새-메모-작성-성공적인-메모-작성-webkit\error-context.md]]
]]>
</system-out>
</testcase>
</testsuite>
</testsuites>